C:\Program Files\Microsoft Visual Studio\2022\Community\MSBuild\Microsoft\VC\v170\Microsoft.CppBuild.targets(524,5): warning MSB8004: Output Directory does not end with a trailing slash.  This build instance will add the slash as it is required to allow proper evaluation of the Output Directory.
  dx11_detour.cpp
E:\Projects\repos\P5RModMenu\game_structs\skillstructs.h(130,2): warning C4369: 'CommonAilments':  enumerator value '128' cannot be represented as 'signed char', value is '128'
  (compiling source file 'hooks/dx11_detour.cpp')
  
E:\Projects\repos\P5RModMenu\game_structs\skillstructs.h(142,2): warning C4369: 'CommonAilments2':  enumerator value '128' cannot be represented as 'signed char', value is '128'
  (compiling source file 'hooks/dx11_detour.cpp')
  
E:\Projects\repos\P5RModMenu\game_structs\skillstructs.h(154,2): warning C4369: 'SpecialAilments':  enumerator value '128' cannot be represented as 'signed char', value is '128'
  (compiling source file 'hooks/dx11_detour.cpp')
  
E:\Projects\repos\P5RModMenu\game_structs\skillstructs.h(166,2): warning C4369: 'BuffsAndDebuffs':  enumerator value '128' cannot be represented as 'signed char', value is '128'
  (compiling source file 'hooks/dx11_detour.cpp')
  
E:\Projects\repos\P5RModMenu\game_structs\skillstructs.h(178,2): warning C4369: 'CommonBuffs':  enumerator value '128' cannot be represented as 'signed char', value is '128'
  (compiling source file 'hooks/dx11_detour.cpp')
  
E:\Projects\repos\P5RModMenu\game_structs\skillstructs.h(190,2): warning C4369: 'BreakSkills':  enumerator value '128' cannot be represented as 'signed char', value is '128'
  (compiling source file 'hooks/dx11_detour.cpp')
  
E:\Projects\repos\P5RModMenu\game_structs\skillstructs.h(202,2): warning C4369: 'Shield':  enumerator value '128' cannot be represented as 'signed char', value is '128'
  (compiling source file 'hooks/dx11_detour.cpp')
  
E:\Projects\repos\P5RModMenu\game_structs\battlestructs.h(37,2): warning C4309: 'initializing': truncation of constant value
  (compiling source file 'hooks/dx11_detour.cpp')
  
E:\Projects\repos\P5RModMenu\game_structs\battlestructs.h(37,2): warning C4369: 'BuffStatus':  enumerator value '-2147483648' cannot be represented as 'unsigned int', value is '-2147483648'
  (compiling source file 'hooks/dx11_detour.cpp')
  
     Creating library C:\Users\judso\Desktop\Reloaded-II\Mods\p5rpc.tools.spymenu\P5RModMenu.lib and object C:\Users\judso\Desktop\Reloaded-II\Mods\p5rpc.tools.spymenu\P5RModMenu.exp
  Generating code
  8 of 10277 functions (<0.1%) were compiled, the rest were copied from previous compilation.
    0 functions were new in current compilation
    54 functions had inline decision re-evaluated but remain unchanged
  Finished generating code
  P5RModMenu.vcxproj -> C:\Users\judso\Desktop\Reloaded-II\Mods\p5rpc.tools.spymenu\P5RModMenu.dll
