  imgui_impl_dx11.cpp
  imgui_impl_win32.cpp
  imgui.cpp
  imgui_demo.cpp
E:\ProgrammingDependencies\imgui\backends\imgui_impl_dx11.cpp(686,1): error C1010: unexpected end of file while looking for precompiled header. Did you forget to add '#include "pch.h"' to your source?
E:\ProgrammingDependencies\imgui\backends\imgui_impl_win32.cpp(1002,1): error C1010: unexpected end of file while looking for precompiled header. Did you forget to add '#include "pch.h"' to your source?
E:\ProgrammingDependencies\imgui\imgui.cpp(2273,10): error C2006: '#include': expected "FILENAME" or <FILENAME>
  imgui_draw.cpp
E:\ProgrammingDependencies\imgui\imgui.cpp(3122,9): warning C4005: 'va_copy': macro redefinition
      E:\ProgrammingDependencies\imgui\imgui.cpp(3120,9):
      see previous definition of 'va_copy'
  
E:\ProgrammingDependencies\imgui\imgui.cpp(18288,1): error C1010: unexpected end of file while looking for precompiled header. Did you forget to add '#include "pch.h"' to your source?
E:\ProgrammingDependencies\imgui\imgui_demo.cpp(190,9): warning C4005: 'IM_NEWLINE': macro redefinition
      E:\ProgrammingDependencies\imgui\imgui_demo.cpp(188,9):
      see previous definition of 'IM_NEWLINE'
  
E:\ProgrammingDependencies\imgui\imgui_demo.cpp(206,9): warning C4005: 'PRId64': macro redefinition
      E:\ProgrammingDependencies\imgui\imgui_demo.cpp(203,9):
      see previous definition of 'PRId64'
  
E:\ProgrammingDependencies\imgui\imgui_demo.cpp(207,9): warning C4005: 'PRIu64': macro redefinition
      E:\ProgrammingDependencies\imgui\imgui_demo.cpp(204,9):
      see previous definition of 'PRIu64'
  
E:\ProgrammingDependencies\imgui\imgui_demo.cpp(224,9): warning C4005: 'IMGUI_CDECL': macro redefinition
      E:\ProgrammingDependencies\imgui\imgui_demo.cpp(222,9):
      see previous definition of 'IMGUI_CDECL'
  
E:\ProgrammingDependencies\imgui\imgui_demo.cpp(11089,1): error C1010: unexpected end of file while looking for precompiled header. Did you forget to add '#include "pch.h"' to your source?
E:\ProgrammingDependencies\imgui\imgui_draw.cpp(134,10): error C2006: '#include': expected "FILENAME" or <FILENAME>
E:\ProgrammingDependencies\imgui\imgui_draw.cpp(159,10): error C2006: '#include': expected "FILENAME" or <FILENAME>
E:\ProgrammingDependencies\imgui\imgui_draw.cpp(6740,1): error C1010: unexpected end of file while looking for precompiled header. Did you forget to add '#include "pch.h"' to your source?
  imgui_tables.cpp
E:\ProgrammingDependencies\imgui\imgui_tables.cpp(4580,1): error C1010: unexpected end of file while looking for precompiled header. Did you forget to add '#include "pch.h"' to your source?
  imgui_widgets.cpp
E:\ProgrammingDependencies\imgui\imgui_widgets.cpp(10842,1): error C1010: unexpected end of file while looking for precompiled header. Did you forget to add '#include "pch.h"' to your source?
  dllmain.cpp
E:\Projects\repos\P5RModMenu\dllmain.cpp(167,1): error C1010: unexpected end of file while looking for precompiled header. Did you forget to add '#include "pch.h"' to your source?
  battlestructs.cpp
E:\Projects\repos\P5RModMenu\game_structs\battlestructs.cpp(4,1): error C1010: unexpected end of file while looking for precompiled header. Did you forget to add '#include "pch.h"' to your source?
  guistructs.cpp
E:\Projects\repos\P5RModMenu\game_structs\guistructs.cpp(32,1): error C1010: unexpected end of file while looking for precompiled header. Did you forget to add '#include "pch.h"' to your source?
  displaystructwindow.cpp
E:\Projects\repos\P5RModMenu\gui\displaystructwindow.cpp(394,1): error C1010: unexpected end of file while looking for precompiled header. Did you forget to add '#include "pch.h"' to your source?
  dx11_detour.cpp
E:\Projects\repos\P5RModMenu\hooks\dx11_detour.cpp(190,1): error C1010: unexpected end of file while looking for precompiled header. Did you forget to add '#include "pch.h"' to your source?
  gamehooks.cpp
E:\Projects\repos\P5RModMenu\hooks\gamehooks.cpp(93,1): error C1010: unexpected end of file while looking for precompiled header. Did you forget to add '#include "pch.h"' to your source?
  signaturescan.cpp
E:\Projects\repos\P5RModMenu\hooks\signaturescan.cpp(242,1): error C1010: unexpected end of file while looking for precompiled header. Did you forget to add '#include "pch.h"' to your source?
  Generating Code...
